2026-05-26 22:03:16.699 +05:30 [WRN] Entity 'User' has a global query filter defined and is the required end of a relationship with the entity 'RefreshToken'. This may lead to unexpected results when the required entity is filtered out. Either configure the navigation as optional, or define matching query filters for both entities in the navigation. See https://go.microsoft.com/fwlink/?linkid=2131316 for more information.
2026-05-26 22:03:19.141 +05:30 [INF] Executed DbCommand (25ms) [Parameters=[], CommandType='"Text"', CommandTimeout='30']
SELECT 1
2026-05-26 22:03:19.155 +05:30 [INF] Acquiring an exclusive lock for migration application. See https://aka.ms/efcore-docs-migrations-lock for more information if this takes too long.
2026-05-26 22:03:19.219 +05:30 [INF] Executed DbCommand (57ms) [Parameters=[], CommandType='"Text"', CommandTimeout='30']
DECLARE @result int;
EXEC @result = sp_getapplock @Resource = '__EFMigrationsLock', @LockOwner = 'Session', @LockMode = 'Exclusive';
SELECT @result
2026-05-26 22:03:19.336 +05:30 [INF] Executed DbCommand (34ms) [Parameters=[], CommandType='"Text"', CommandTimeout='30']
IF OBJECT_ID(N'[__EFMigrationsHistory]') IS NULL
BEGIN
    CREATE TABLE [__EFMigrationsHistory] (
        [MigrationId] nvarchar(150) NOT NULL,
        [ProductVersion] nvarchar(32) NOT NULL,
        CONSTRAINT [PK___EFMigrationsHistory] PRIMARY KEY ([MigrationId])
    );
END;
2026-05-26 22:03:19.374 +05:30 [INF] Executed DbCommand (2ms) [Parameters=[], CommandType='"Text"', CommandTimeout='30']
SELECT 1
2026-05-26 22:03:19.378 +05:30 [INF] Executed DbCommand (2ms) [Parameters=[], CommandType='"Text"', CommandTimeout='30']
SELECT OBJECT_ID(N'[__EFMigrationsHistory]');
2026-05-26 22:03:19.406 +05:30 [INF] Executed DbCommand (22ms) [Parameters=[], CommandType='"Text"', CommandTimeout='30']
SELECT [MigrationId], [ProductVersion]
FROM [__EFMigrationsHistory]
ORDER BY [MigrationId];
2026-05-26 22:03:19.425 +05:30 [INF] Applying migration '20260520172103_InitialCreate'.
2026-05-26 22:03:19.505 +05:30 [INF] Executed DbCommand (15ms) [Parameters=[], CommandType='"Text"', CommandTimeout='30']
CREATE TABLE [Users] (
    [UserId] int NOT NULL IDENTITY,
    [Username] nvarchar(100) NOT NULL,
    [PasswordHash] nvarchar(255) NOT NULL,
    [CreatedAt] datetime2 NOT NULL DEFAULT (GETUTCDATE()),
    [IsDeleted] bit NOT NULL DEFAULT CAST(0 AS bit),
    [DeletedAt] datetime2 NULL,
    CONSTRAINT [PK_Users] PRIMARY KEY ([UserId])
);
2026-05-26 22:03:19.520 +05:30 [INF] Executed DbCommand (14ms) [Parameters=[], CommandType='"Text"', CommandTimeout='30']
CREATE TABLE [Categories] (
    [CategoryId] int NOT NULL IDENTITY,
    [Name] nvarchar(100) NOT NULL,
    [Type] nvarchar(max) NOT NULL,
    [BudgetAmount] decimal(18,2) NULL,
    [UserId] int NOT NULL,
    [IsDeleted] bit NOT NULL DEFAULT CAST(0 AS bit),
    [DeletedAt] datetime2 NULL,
    CONSTRAINT [PK_Categories] PRIMARY KEY ([CategoryId]),
    CONSTRAINT [FK_Categories_Users_UserId] FOREIGN KEY ([UserId]) REFERENCES [Users] ([UserId]) ON DELETE CASCADE
);
2026-05-26 22:03:19.530 +05:30 [INF] Executed DbCommand (10ms) [Parameters=[], CommandType='"Text"', CommandTimeout='30']
CREATE TABLE [RefreshTokens] (
    [TokenId] int NOT NULL IDENTITY,
    [UserId] int NOT NULL,
    [TokenHash] nvarchar(255) NOT NULL,
    [ExpiresAt] datetime2 NOT NULL,
    [RevokedAt] datetime2 NULL,
    [CreatedAt] datetime2 NOT NULL DEFAULT (GETUTCDATE()),
    CONSTRAINT [PK_RefreshTokens] PRIMARY KEY ([TokenId]),
    CONSTRAINT [FK_RefreshTokens_Users_UserId] FOREIGN KEY ([UserId]) REFERENCES [Users] ([UserId]) ON DELETE CASCADE
);
2026-05-26 22:03:19.579 +05:30 [ERR] Failed executing DbCommand (47ms) [Parameters=[], CommandType='"Text"', CommandTimeout='30']
CREATE TABLE [Budgets] (
    [BudgetId] int NOT NULL IDENTITY,
    [MonthlyLimit] decimal(18,2) NOT NULL,
    [Year] int NOT NULL,
    [Month] int NOT NULL,
    [CategoryId] int NOT NULL,
    [UserId] int NOT NULL,
    [CreatedAt] datetime2 NOT NULL DEFAULT (GETUTCDATE()),
    [IsDeleted] bit NOT NULL DEFAULT CAST(0 AS bit),
    [DeletedAt] datetime2 NULL,
    CONSTRAINT [PK_Budgets] PRIMARY KEY ([BudgetId]),
    CONSTRAINT [FK_Budgets_Categories_CategoryId] FOREIGN KEY ([CategoryId]) REFERENCES [Categories] ([CategoryId]) ON DELETE CASCADE,
    CONSTRAINT [FK_Budgets_Users_UserId] FOREIGN KEY ([UserId]) REFERENCES [Users] ([UserId]) ON DELETE CASCADE
);
2026-05-26 22:05:02.628 +05:30 [WRN] Entity 'User' has a global query filter defined and is the required end of a relationship with the entity 'RefreshToken'. This may lead to unexpected results when the required entity is filtered out. Either configure the navigation as optional, or define matching query filters for both entities in the navigation. See https://go.microsoft.com/fwlink/?linkid=2131316 for more information.
2026-05-26 22:05:03.837 +05:30 [INF] Executed DbCommand (46ms) [Parameters=[], CommandType='"Text"', CommandTimeout='30']
SELECT 1
2026-05-26 22:05:03.960 +05:30 [INF] Executed DbCommand (47ms) [Parameters=[], CommandType='"Text"', CommandTimeout='60']
IF SERVERPROPERTY('EngineEdition') <> 5
BEGIN
    ALTER DATABASE [FinanceManager] SET SINGLE_USER WITH ROLLBACK IMMEDIATE;
END;
2026-05-26 22:05:04.253 +05:30 [INF] Executed DbCommand (292ms) [Parameters=[], CommandType='"Text"', CommandTimeout='60']
DROP DATABASE [FinanceManager];
2026-05-26 22:05:36.128 +05:30 [WRN] Entity 'User' has a global query filter defined and is the required end of a relationship with the entity 'RefreshToken'. This may lead to unexpected results when the required entity is filtered out. Either configure the navigation as optional, or define matching query filters for both entities in the navigation. See https://go.microsoft.com/fwlink/?linkid=2131316 for more information.
2026-05-26 22:05:58.955 +05:30 [WRN] Entity 'User' has a global query filter defined and is the required end of a relationship with the entity 'RefreshToken'. This may lead to unexpected results when the required entity is filtered out. Either configure the navigation as optional, or define matching query filters for both entities in the navigation. See https://go.microsoft.com/fwlink/?linkid=2131316 for more information.
2026-05-26 22:06:17.023 +05:30 [WRN] Entity 'User' has a global query filter defined and is the required end of a relationship with the entity 'RefreshToken'. This may lead to unexpected results when the required entity is filtered out. Either configure the navigation as optional, or define matching query filters for both entities in the navigation. See https://go.microsoft.com/fwlink/?linkid=2131316 for more information.
2026-05-26 22:06:18.610 +05:30 [INF] Executed DbCommand (759ms) [Parameters=[], CommandType='"Text"', CommandTimeout='60']
CREATE DATABASE [FinanceManager];
2026-05-26 22:06:18.908 +05:30 [INF] Executed DbCommand (291ms) [Parameters=[], CommandType='"Text"', CommandTimeout='60']
IF SERVERPROPERTY('EngineEdition') <> 5
BEGIN
    ALTER DATABASE [FinanceManager] SET READ_COMMITTED_SNAPSHOT ON;
END;
2026-05-26 22:06:18.946 +05:30 [INF] Executed DbCommand (8ms) [Parameters=[], CommandType='"Text"', CommandTimeout='30']
SELECT 1
2026-05-26 22:06:18.953 +05:30 [INF] Acquiring an exclusive lock for migration application. See https://aka.ms/efcore-docs-migrations-lock for more information if this takes too long.
2026-05-26 22:06:19.004 +05:30 [INF] Executed DbCommand (47ms) [Parameters=[], CommandType='"Text"', CommandTimeout='30']
DECLARE @result int;
EXEC @result = sp_getapplock @Resource = '__EFMigrationsLock', @LockOwner = 'Session', @LockMode = 'Exclusive';
SELECT @result
2026-05-26 22:06:19.102 +05:30 [INF] Executed DbCommand (16ms) [Parameters=[], CommandType='"Text"', CommandTimeout='30']
IF OBJECT_ID(N'[__EFMigrationsHistory]') IS NULL
BEGIN
    CREATE TABLE [__EFMigrationsHistory] (
        [MigrationId] nvarchar(150) NOT NULL,
        [ProductVersion] nvarchar(32) NOT NULL,
        CONSTRAINT [PK___EFMigrationsHistory] PRIMARY KEY ([MigrationId])
    );
END;
2026-05-26 22:06:19.119 +05:30 [INF] Executed DbCommand (2ms) [Parameters=[], CommandType='"Text"', CommandTimeout='30']
SELECT 1
2026-05-26 22:06:19.122 +05:30 [INF] Executed DbCommand (1ms) [Parameters=[], CommandType='"Text"', CommandTimeout='30']
SELECT OBJECT_ID(N'[__EFMigrationsHistory]');
2026-05-26 22:06:19.144 +05:30 [INF] Executed DbCommand (19ms) [Parameters=[], CommandType='"Text"', CommandTimeout='30']
SELECT [MigrationId], [ProductVersion]
FROM [__EFMigrationsHistory]
ORDER BY [MigrationId];
2026-05-26 22:06:19.161 +05:30 [INF] Applying migration '20260520172103_InitialCreate'.
2026-05-26 22:06:19.208 +05:30 [INF] Executed DbCommand (6ms) [Parameters=[], CommandType='"Text"', CommandTimeout='30']
CREATE TABLE [Users] (
    [UserId] int NOT NULL IDENTITY,
    [Username] nvarchar(100) NOT NULL,
    [PasswordHash] nvarchar(255) NOT NULL,
    [CreatedAt] datetime2 NOT NULL DEFAULT (GETUTCDATE()),
    [IsDeleted] bit NOT NULL DEFAULT CAST(0 AS bit),
    [DeletedAt] datetime2 NULL,
    CONSTRAINT [PK_Users] PRIMARY KEY ([UserId])
);
2026-05-26 22:06:19.216 +05:30 [INF] Executed DbCommand (7ms) [Parameters=[], CommandType='"Text"', CommandTimeout='30']
CREATE TABLE [Categories] (
    [CategoryId] int NOT NULL IDENTITY,
    [Name] nvarchar(100) NOT NULL,
    [Type] nvarchar(max) NOT NULL,
    [BudgetAmount] decimal(18,2) NULL,
    [UserId] int NOT NULL,
    [IsDeleted] bit NOT NULL DEFAULT CAST(0 AS bit),
    [DeletedAt] datetime2 NULL,
    CONSTRAINT [PK_Categories] PRIMARY KEY ([CategoryId]),
    CONSTRAINT [FK_Categories_Users_UserId] FOREIGN KEY ([UserId]) REFERENCES [Users] ([UserId]) ON DELETE CASCADE
);
2026-05-26 22:06:19.221 +05:30 [INF] Executed DbCommand (5ms) [Parameters=[], CommandType='"Text"', CommandTimeout='30']
CREATE TABLE [RefreshTokens] (
    [TokenId] int NOT NULL IDENTITY,
    [UserId] int NOT NULL,
    [TokenHash] nvarchar(255) NOT NULL,
    [ExpiresAt] datetime2 NOT NULL,
    [RevokedAt] datetime2 NULL,
    [CreatedAt] datetime2 NOT NULL DEFAULT (GETUTCDATE()),
    CONSTRAINT [PK_RefreshTokens] PRIMARY KEY ([TokenId]),
    CONSTRAINT [FK_RefreshTokens_Users_UserId] FOREIGN KEY ([UserId]) REFERENCES [Users] ([UserId]) ON DELETE CASCADE
);
2026-05-26 22:06:19.242 +05:30 [ERR] Failed executing DbCommand (20ms) [Parameters=[], CommandType='"Text"', CommandTimeout='30']
CREATE TABLE [Budgets] (
    [BudgetId] int NOT NULL IDENTITY,
    [MonthlyLimit] decimal(18,2) NOT NULL,
    [Year] int NOT NULL,
    [Month] int NOT NULL,
    [CategoryId] int NOT NULL,
    [UserId] int NOT NULL,
    [CreatedAt] datetime2 NOT NULL DEFAULT (GETUTCDATE()),
    [IsDeleted] bit NOT NULL DEFAULT CAST(0 AS bit),
    [DeletedAt] datetime2 NULL,
    CONSTRAINT [PK_Budgets] PRIMARY KEY ([BudgetId]),
    CONSTRAINT [FK_Budgets_Categories_CategoryId] FOREIGN KEY ([CategoryId]) REFERENCES [Categories] ([CategoryId]) ON DELETE CASCADE,
    CONSTRAINT [FK_Budgets_Users_UserId] FOREIGN KEY ([UserId]) REFERENCES [Users] ([UserId]) ON DELETE CASCADE
);
2026-05-26 22:07:14.850 +05:30 [WRN] Entity 'User' has a global query filter defined and is the required end of a relationship with the entity 'RefreshToken'. This may lead to unexpected results when the required entity is filtered out. Either configure the navigation as optional, or define matching query filters for both entities in the navigation. See https://go.microsoft.com/fwlink/?linkid=2131316 for more information.
2026-05-26 22:07:16.131 +05:30 [INF] Executed DbCommand (31ms) [Parameters=[], CommandType='"Text"', CommandTimeout='30']
SELECT 1
2026-05-26 22:07:16.213 +05:30 [INF] Executed DbCommand (57ms) [Parameters=[], CommandType='"Text"', CommandTimeout='30']
SELECT OBJECT_ID(N'[__EFMigrationsHistory]');
2026-05-26 22:07:16.260 +05:30 [INF] Executed DbCommand (25ms) [Parameters=[], CommandType='"Text"', CommandTimeout='30']
SELECT [MigrationId], [ProductVersion]
FROM [__EFMigrationsHistory]
ORDER BY [MigrationId];
2026-05-26 22:07:32.745 +05:30 [WRN] Entity 'User' has a global query filter defined and is the required end of a relationship with the entity 'RefreshToken'. This may lead to unexpected results when the required entity is filtered out. Either configure the navigation as optional, or define matching query filters for both entities in the navigation. See https://go.microsoft.com/fwlink/?linkid=2131316 for more information.
2026-05-26 22:07:33.907 +05:30 [INF] Executed DbCommand (17ms) [Parameters=[], CommandType='"Text"', CommandTimeout='30']
SELECT 1
2026-05-26 22:07:33.930 +05:30 [INF] Executed DbCommand (12ms) [Parameters=[], CommandType='"Text"', CommandTimeout='30']
SELECT OBJECT_ID(N'[__EFMigrationsHistory]');
2026-05-26 22:07:33.948 +05:30 [INF] Executed DbCommand (2ms) [Parameters=[], CommandType='"Text"', CommandTimeout='30']
SELECT [MigrationId], [ProductVersion]
FROM [__EFMigrationsHistory]
ORDER BY [MigrationId];
2026-05-26 22:07:50.681 +05:30 [WRN] Entity 'User' has a global query filter defined and is the required end of a relationship with the entity 'RefreshToken'. This may lead to unexpected results when the required entity is filtered out. Either configure the navigation as optional, or define matching query filters for both entities in the navigation. See https://go.microsoft.com/fwlink/?linkid=2131316 for more information.
2026-05-26 22:08:22.860 +05:30 [WRN] Entity 'User' has a global query filter defined and is the required end of a relationship with the entity 'RefreshToken'. This may lead to unexpected results when the required entity is filtered out. Either configure the navigation as optional, or define matching query filters for both entities in the navigation. See https://go.microsoft.com/fwlink/?linkid=2131316 for more information.
2026-05-26 22:08:23.529 +05:30 [INF] Executed DbCommand (15ms) [Parameters=[], CommandType='"Text"', CommandTimeout='30']
SELECT 1
2026-05-26 22:08:23.627 +05:30 [INF] Executed DbCommand (57ms) [Parameters=[], CommandType='"Text"', CommandTimeout='60']
IF SERVERPROPERTY('EngineEdition') <> 5
BEGIN
    ALTER DATABASE [FinanceManager] SET SINGLE_USER WITH ROLLBACK IMMEDIATE;
END;
2026-05-26 22:08:23.766 +05:30 [INF] Executed DbCommand (119ms) [Parameters=[], CommandType='"Text"', CommandTimeout='60']
DROP DATABASE [FinanceManager];
2026-05-26 22:08:36.998 +05:30 [WRN] Entity 'User' has a global query filter defined and is the required end of a relationship with the entity 'RefreshToken'. This may lead to unexpected results when the required entity is filtered out. Either configure the navigation as optional, or define matching query filters for both entities in the navigation. See https://go.microsoft.com/fwlink/?linkid=2131316 for more information.
2026-05-26 22:08:38.709 +05:30 [INF] Executed DbCommand (857ms) [Parameters=[], CommandType='"Text"', CommandTimeout='60']
CREATE DATABASE [FinanceManager];
2026-05-26 22:08:38.984 +05:30 [INF] Executed DbCommand (270ms) [Parameters=[], CommandType='"Text"', CommandTimeout='60']
IF SERVERPROPERTY('EngineEdition') <> 5
BEGIN
    ALTER DATABASE [FinanceManager] SET READ_COMMITTED_SNAPSHOT ON;
END;
2026-05-26 22:08:39.018 +05:30 [INF] Executed DbCommand (10ms) [Parameters=[], CommandType='"Text"', CommandTimeout='30']
SELECT 1
2026-05-26 22:08:39.022 +05:30 [INF] Acquiring an exclusive lock for migration application. See https://aka.ms/efcore-docs-migrations-lock for more information if this takes too long.
2026-05-26 22:08:39.067 +05:30 [INF] Executed DbCommand (42ms) [Parameters=[], CommandType='"Text"', CommandTimeout='30']
DECLARE @result int;
EXEC @result = sp_getapplock @Resource = '__EFMigrationsLock', @LockOwner = 'Session', @LockMode = 'Exclusive';
SELECT @result
2026-05-26 22:08:39.129 +05:30 [INF] Executed DbCommand (19ms) [Parameters=[], CommandType='"Text"', CommandTimeout='30']
IF OBJECT_ID(N'[__EFMigrationsHistory]') IS NULL
BEGIN
    CREATE TABLE [__EFMigrationsHistory] (
        [MigrationId] nvarchar(150) NOT NULL,
        [ProductVersion] nvarchar(32) NOT NULL,
        CONSTRAINT [PK___EFMigrationsHistory] PRIMARY KEY ([MigrationId])
    );
END;
2026-05-26 22:08:39.146 +05:30 [INF] Executed DbCommand (2ms) [Parameters=[], CommandType='"Text"', CommandTimeout='30']
SELECT 1
2026-05-26 22:08:39.149 +05:30 [INF] Executed DbCommand (1ms) [Parameters=[], CommandType='"Text"', CommandTimeout='30']
SELECT OBJECT_ID(N'[__EFMigrationsHistory]');
2026-05-26 22:08:39.169 +05:30 [INF] Executed DbCommand (17ms) [Parameters=[], CommandType='"Text"', CommandTimeout='30']
SELECT [MigrationId], [ProductVersion]
FROM [__EFMigrationsHistory]
ORDER BY [MigrationId];
2026-05-26 22:08:39.189 +05:30 [INF] Applying migration '20260526163751_InitialCreate'.
2026-05-26 22:08:39.230 +05:30 [INF] Executed DbCommand (6ms) [Parameters=[], CommandType='"Text"', CommandTimeout='30']
CREATE TABLE [Users] (
    [UserId] int NOT NULL IDENTITY,
    [Username] nvarchar(100) NOT NULL,
    [PasswordHash] nvarchar(255) NOT NULL,
    [CreatedAt] datetime2 NOT NULL DEFAULT (GETUTCDATE()),
    [IsDeleted] bit NOT NULL DEFAULT CAST(0 AS bit),
    [DeletedAt] datetime2 NULL,
    CONSTRAINT [PK_Users] PRIMARY KEY ([UserId])
);
2026-05-26 22:08:39.241 +05:30 [INF] Executed DbCommand (10ms) [Parameters=[], CommandType='"Text"', CommandTimeout='30']
CREATE TABLE [Categories] (
    [CategoryId] int NOT NULL IDENTITY,
    [Name] nvarchar(100) NOT NULL,
    [Type] nvarchar(max) NOT NULL,
    [BudgetAmount] decimal(18,2) NULL,
    [UserId] int NOT NULL,
    [IsDeleted] bit NOT NULL DEFAULT CAST(0 AS bit),
    [DeletedAt] datetime2 NULL,
    CONSTRAINT [PK_Categories] PRIMARY KEY ([CategoryId]),
    CONSTRAINT [FK_Categories_Users_UserId] FOREIGN KEY ([UserId]) REFERENCES [Users] ([UserId]) ON DELETE CASCADE
);
2026-05-26 22:08:39.255 +05:30 [INF] Executed DbCommand (14ms) [Parameters=[], CommandType='"Text"', CommandTimeout='30']
CREATE TABLE [RefreshTokens] (
    [TokenId] int NOT NULL IDENTITY,
    [UserId] int NOT NULL,
    [TokenHash] nvarchar(255) NOT NULL,
    [ExpiresAt] datetime2 NOT NULL,
    [RevokedAt] datetime2 NULL,
    [CreatedAt] datetime2 NOT NULL DEFAULT (GETUTCDATE()),
    CONSTRAINT [PK_RefreshTokens] PRIMARY KEY ([TokenId]),
    CONSTRAINT [FK_RefreshTokens_Users_UserId] FOREIGN KEY ([UserId]) REFERENCES [Users] ([UserId]) ON DELETE CASCADE
);
2026-05-26 22:08:39.277 +05:30 [INF] Executed DbCommand (21ms) [Parameters=[], CommandType='"Text"', CommandTimeout='30']
CREATE TABLE [Budgets] (
    [BudgetId] int NOT NULL IDENTITY,
    [MonthlyLimit] decimal(18,2) NOT NULL,
    [Year] int NOT NULL,
    [Month] int NOT NULL,
    [CategoryId] int NOT NULL,
    [UserId] int NOT NULL,
    [CreatedAt] datetime2 NOT NULL DEFAULT (GETUTCDATE()),
    [IsDeleted] bit NOT NULL DEFAULT CAST(0 AS bit),
    [DeletedAt] datetime2 NULL,
    CONSTRAINT [PK_Budgets] PRIMARY KEY ([BudgetId]),
    CONSTRAINT [FK_Budgets_Categories_CategoryId] FOREIGN KEY ([CategoryId]) REFERENCES [Categories] ([CategoryId]) ON DELETE NO ACTION,
    CONSTRAINT [FK_Budgets_Users_UserId] FOREIGN KEY ([UserId]) REFERENCES [Users] ([UserId]) ON DELETE NO ACTION
);
2026-05-26 22:08:39.292 +05:30 [INF] Executed DbCommand (14ms) [Parameters=[], CommandType='"Text"', CommandTimeout='30']
CREATE TABLE [Transactions] (
    [TransactionId] int NOT NULL IDENTITY,
    [Amount] decimal(18,2) NOT NULL,
    [TransactionDate] datetime2 NOT NULL,
    [Description] nvarchar(500) NOT NULL,
    [Type] nvarchar(max) NOT NULL,
    [CategoryId] int NOT NULL,
    [UserId] int NOT NULL,
    [IsDeleted] bit NOT NULL DEFAULT CAST(0 AS bit),
    [DeletedAt] datetime2 NULL,
    CONSTRAINT [PK_Transactions] PRIMARY KEY ([TransactionId]),
    CONSTRAINT [FK_Transactions_Categories_CategoryId] FOREIGN KEY ([CategoryId]) REFERENCES [Categories] ([CategoryId]) ON DELETE NO ACTION,
    CONSTRAINT [FK_Transactions_Users_UserId] FOREIGN KEY ([UserId]) REFERENCES [Users] ([UserId]) ON DELETE CASCADE
);
2026-05-26 22:08:39.310 +05:30 [INF] Executed DbCommand (17ms) [Parameters=[], CommandType='"Text"', CommandTimeout='30']
CREATE INDEX [IX_Budgets_CategoryId] ON [Budgets] ([CategoryId]);
2026-05-26 22:08:39.317 +05:30 [INF] Executed DbCommand (6ms) [Parameters=[], CommandType='"Text"', CommandTimeout='30']
CREATE INDEX [IX_Budgets_UserId] ON [Budgets] ([UserId]);
2026-05-26 22:08:39.322 +05:30 [INF] Executed DbCommand (3ms) [Parameters=[], CommandType='"Text"', CommandTimeout='30']
CREATE UNIQUE INDEX [IX_Budgets_UserId_CategoryId_Year_Month] ON [Budgets] ([UserId], [CategoryId], [Year], [Month]);
2026-05-26 22:08:39.329 +05:30 [INF] Executed DbCommand (6ms) [Parameters=[], CommandType='"Text"', CommandTimeout='30']
CREATE INDEX [IX_Categories_UserId] ON [Categories] ([UserId]);
2026-05-26 22:08:39.333 +05:30 [INF] Executed DbCommand (4ms) [Parameters=[], CommandType='"Text"', CommandTimeout='30']
CREATE INDEX [IX_RefreshTokens_TokenHash] ON [RefreshTokens] ([TokenHash]);
2026-05-26 22:08:39.337 +05:30 [INF] Executed DbCommand (3ms) [Parameters=[], CommandType='"Text"', CommandTimeout='30']
CREATE INDEX [IX_RefreshTokens_UserId] ON [RefreshTokens] ([UserId]);
2026-05-26 22:08:39.341 +05:30 [INF] Executed DbCommand (4ms) [Parameters=[], CommandType='"Text"', CommandTimeout='30']
CREATE INDEX [IX_Transactions_CategoryId] ON [Transactions] ([CategoryId]);
2026-05-26 22:08:39.345 +05:30 [INF] Executed DbCommand (3ms) [Parameters=[], CommandType='"Text"', CommandTimeout='30']
CREATE INDEX [IX_Transactions_TransactionDate] ON [Transactions] ([TransactionDate]);
2026-05-26 22:08:39.349 +05:30 [INF] Executed DbCommand (3ms) [Parameters=[], CommandType='"Text"', CommandTimeout='30']
CREATE INDEX [IX_Transactions_UserId] ON [Transactions] ([UserId]);
2026-05-26 22:08:39.356 +05:30 [INF] Executed DbCommand (6ms) [Parameters=[], CommandType='"Text"', CommandTimeout='30']
CREATE UNIQUE INDEX [IX_Users_Username] ON [Users] ([Username]);
2026-05-26 22:08:39.377 +05:30 [INF] Executed DbCommand (20ms) [Parameters=[], CommandType='"Text"', CommandTimeout='30']
INSERT INTO [__EFMigrationsHistory] ([MigrationId], [ProductVersion])
VALUES (N'20260526163751_InitialCreate', N'9.0.0');
2026-05-26 22:08:39.397 +05:30 [INF] Executed DbCommand (8ms) [Parameters=[], CommandType='"Text"', CommandTimeout='30']
DECLARE @result int;
EXEC @result = sp_releaseapplock @Resource = '__EFMigrationsLock', @LockOwner = 'Session';
SELECT @result
2026-05-26 22:12:13.034 +05:30 [WRN] Entity 'User' has a global query filter defined and is the required end of a relationship with the entity 'RefreshToken'. This may lead to unexpected results when the required entity is filtered out. Either configure the navigation as optional, or define matching query filters for both entities in the navigation. See https://go.microsoft.com/fwlink/?linkid=2131316 for more information.
2026-05-26 22:12:13.742 +05:30 [INF] Executed DbCommand (24ms) [Parameters=[], CommandType='"Text"', CommandTimeout='30']
SELECT 1
2026-05-26 22:12:13.791 +05:30 [INF] Acquiring an exclusive lock for migration application. See https://aka.ms/efcore-docs-migrations-lock for more information if this takes too long.
2026-05-26 22:12:13.894 +05:30 [INF] Executed DbCommand (88ms) [Parameters=[], CommandType='"Text"', CommandTimeout='30']
DECLARE @result int;
EXEC @result = sp_getapplock @Resource = '__EFMigrationsLock', @LockOwner = 'Session', @LockMode = 'Exclusive';
SELECT @result
2026-05-26 22:12:14.041 +05:30 [INF] Executed DbCommand (37ms) [Parameters=[], CommandType='"Text"', CommandTimeout='30']
IF OBJECT_ID(N'[__EFMigrationsHistory]') IS NULL
BEGIN
    CREATE TABLE [__EFMigrationsHistory] (
        [MigrationId] nvarchar(150) NOT NULL,
        [ProductVersion] nvarchar(32) NOT NULL,
        CONSTRAINT [PK___EFMigrationsHistory] PRIMARY KEY ([MigrationId])
    );
END;
2026-05-26 22:12:14.073 +05:30 [INF] Executed DbCommand (2ms) [Parameters=[], CommandType='"Text"', CommandTimeout='30']
SELECT 1
2026-05-26 22:12:14.084 +05:30 [INF] Executed DbCommand (2ms) [Parameters=[], CommandType='"Text"', CommandTimeout='30']
SELECT OBJECT_ID(N'[__EFMigrationsHistory]');
2026-05-26 22:12:14.118 +05:30 [INF] Executed DbCommand (13ms) [Parameters=[], CommandType='"Text"', CommandTimeout='30']
SELECT [MigrationId], [ProductVersion]
FROM [__EFMigrationsHistory]
ORDER BY [MigrationId];
2026-05-26 22:12:14.163 +05:30 [INF] No migrations were applied. The database is already up to date.
2026-05-26 22:12:14.204 +05:30 [INF] Executed DbCommand (15ms) [Parameters=[], CommandType='"Text"', CommandTimeout='30']
DECLARE @result int;
EXEC @result = sp_releaseapplock @Resource = '__EFMigrationsLock', @LockOwner = 'Session';
SELECT @result
2026-05-26 22:12:14.352 +05:30 [INF] User profile is available. Using 'C:\Users\utkarsh.sharma\AppData\Local\ASP.NET\DataProtection-Keys' as key repository and Windows DPAPI to encrypt keys at rest.
2026-05-26 22:12:14.609 +05:30 [INF] Now listening on: http://localhost:5280
2026-05-26 22:12:14.620 +05:30 [INF] Application started. Press Ctrl+C to shut down.
2026-05-26 22:12:14.624 +05:30 [INF] Hosting environment: Development
2026-05-26 22:12:14.628 +05:30 [INF] Content root path: C:\Learn-Code\LearnAndCode\FinanceManager\backend\FinanceManager.Api
2026-05-26 22:13:28.194 +05:30 [INF] Request starting HTTP/1.1 GET http://localhost:5280/ - null null
2026-05-26 22:13:29.322 +05:30 [INF] HTTP GET / responded 404 in 975.0604 ms
2026-05-26 22:13:29.373 +05:30 [INF] Request finished HTTP/1.1 GET http://localhost:5280/ - 404 0 null 1189.3826ms
2026-05-26 22:13:29.437 +05:30 [INF] Request reached the end of the middleware pipeline without being handled by application code. Request path: GET http://localhost:5280/, Response status code: 404
2026-05-26 22:13:40.891 +05:30 [INF] Request starting HTTP/1.1 GET http://localhost:5280/ - null null
2026-05-26 22:13:40.915 +05:30 [INF] HTTP GET / responded 404 in 4.6882 ms
2026-05-26 22:13:40.928 +05:30 [INF] Request finished HTTP/1.1 GET http://localhost:5280/ - 404 0 null 36.3626ms
2026-05-26 22:13:40.950 +05:30 [INF] Request reached the end of the middleware pipeline without being handled by application code. Request path: GET http://localhost:5280/, Response status code: 404
2026-05-26 22:16:21.940 +05:30 [INF] Request starting HTTP/1.1 POST http://localhost:5280/api/auth/register - application/json 52
2026-05-26 22:16:21.959 +05:30 [INF] Executing endpoint 'FinanceManager.Api.Controllers.AuthController.Register (FinanceManager.Api)'
2026-05-26 22:16:22.005 +05:30 [INF] Route matched with {action = "Register", controller = "Auth"}. Executing controller action with signature System.Threading.Tasks.Task`1[Microsoft.AspNetCore.Mvc.ActionResult`1[FinanceManager.Application.DTOs.AuthTokensDto]] Register(FinanceManager.Application.DTOs.LoginRequest) on controller FinanceManager.Api.Controllers.AuthController (FinanceManager.Api).
2026-05-26 22:16:22.846 +05:30 [INF] Executed DbCommand (136ms) [Parameters=[@__username_0='?' (Size = 100)], CommandType='"Text"', CommandTimeout='30']
SELECT TOP(1) [u].[UserId], [u].[CreatedAt], [u].[DeletedAt], [u].[IsDeleted], [u].[PasswordHash], [u].[Username]
FROM [Users] AS [u]
WHERE [u].[Username] = @__username_0 AND [u].[IsDeleted] = CAST(0 AS bit)
2026-05-26 22:16:23.821 +05:30 [INF] Executed DbCommand (51ms) [Parameters=[@p0='?' (DbType = DateTime2), @p1='?' (DbType = DateTime2), @p2='?' (Size = 255), @p3='?' (Size = 100)], CommandType='"Text"', CommandTimeout='30']
SET IMPLICIT_TRANSACTIONS OFF;
SET NOCOUNT ON;
INSERT INTO [Users] ([CreatedAt], [DeletedAt], [PasswordHash], [Username])
OUTPUT INSERTED.[UserId], INSERTED.[IsDeleted]
VALUES (@p0, @p1, @p2, @p3);
2026-05-26 22:16:24.020 +05:30 [INF] Executed DbCommand (18ms) [Parameters=[@p0='?' (Precision = 18) (Scale = 2) (DbType = Decimal), @p1='?' (DbType = DateTime2), @p2='?' (Size = 100), @p3='?' (Size = 4000), @p4='?' (DbType = Int32)], CommandType='"Text"', CommandTimeout='30']
SET IMPLICIT_TRANSACTIONS OFF;
SET NOCOUNT ON;
INSERT INTO [Categories] ([BudgetAmount], [DeletedAt], [Name], [Type], [UserId])
OUTPUT INSERTED.[CategoryId], INSERTED.[IsDeleted]
VALUES (@p0, @p1, @p2, @p3, @p4);
2026-05-26 22:16:24.051 +05:30 [INF] Executed DbCommand (4ms) [Parameters=[@p0='?' (Precision = 18) (Scale = 2) (DbType = Decimal), @p1='?' (DbType = DateTime2), @p2='?' (Size = 100), @p3='?' (Size = 4000), @p4='?' (DbType = Int32)], CommandType='"Text"', CommandTimeout='30']
SET IMPLICIT_TRANSACTIONS OFF;
SET NOCOUNT ON;
INSERT INTO [Categories] ([BudgetAmount], [DeletedAt], [Name], [Type], [UserId])
OUTPUT INSERTED.[CategoryId], INSERTED.[IsDeleted]
VALUES (@p0, @p1, @p2, @p3, @p4);
2026-05-26 22:16:24.067 +05:30 [INF] Executed DbCommand (3ms) [Parameters=[@p0='?' (Precision = 18) (Scale = 2) (DbType = Decimal), @p1='?' (DbType = DateTime2), @p2='?' (Size = 100), @p3='?' (Size = 4000), @p4='?' (DbType = Int32)], CommandType='"Text"', CommandTimeout='30']
SET IMPLICIT_TRANSACTIONS OFF;
SET NOCOUNT ON;
INSERT INTO [Categories] ([BudgetAmount], [DeletedAt], [Name], [Type], [UserId])
OUTPUT INSERTED.[CategoryId], INSERTED.[IsDeleted]
VALUES (@p0, @p1, @p2, @p3, @p4);
2026-05-26 22:16:24.083 +05:30 [INF] Executed DbCommand (3ms) [Parameters=[@p0='?' (Precision = 18) (Scale = 2) (DbType = Decimal), @p1='?' (DbType = DateTime2), @p2='?' (Size = 100), @p3='?' (Size = 4000), @p4='?' (DbType = Int32)], CommandType='"Text"', CommandTimeout='30']
SET IMPLICIT_TRANSACTIONS OFF;
SET NOCOUNT ON;
INSERT INTO [Categories] ([BudgetAmount], [DeletedAt], [Name], [Type], [UserId])
OUTPUT INSERTED.[CategoryId], INSERTED.[IsDeleted]
VALUES (@p0, @p1, @p2, @p3, @p4);
2026-05-26 22:16:24.101 +05:30 [INF] Executed DbCommand (3ms) [Parameters=[@p0='?' (Precision = 18) (Scale = 2) (DbType = Decimal), @p1='?' (DbType = DateTime2), @p2='?' (Size = 100), @p3='?' (Size = 4000), @p4='?' (DbType = Int32)], CommandType='"Text"', CommandTimeout='30']
SET IMPLICIT_TRANSACTIONS OFF;
SET NOCOUNT ON;
INSERT INTO [Categories] ([BudgetAmount], [DeletedAt], [Name], [Type], [UserId])
OUTPUT INSERTED.[CategoryId], INSERTED.[IsDeleted]
VALUES (@p0, @p1, @p2, @p3, @p4);
2026-05-26 22:16:24.117 +05:30 [INF] Executed DbCommand (4ms) [Parameters=[@p0='?' (Precision = 18) (Scale = 2) (DbType = Decimal), @p1='?' (DbType = DateTime2), @p2='?' (Size = 100), @p3='?' (Size = 4000), @p4='?' (DbType = Int32)], CommandType='"Text"', CommandTimeout='30']
SET IMPLICIT_TRANSACTIONS OFF;
SET NOCOUNT ON;
INSERT INTO [Categories] ([BudgetAmount], [DeletedAt], [Name], [Type], [UserId])
OUTPUT INSERTED.[CategoryId], INSERTED.[IsDeleted]
VALUES (@p0, @p1, @p2, @p3, @p4);
2026-05-26 22:16:24.315 +05:30 [INF] Executed DbCommand (10ms) [Parameters=[@p0='?' (DbType = DateTime2), @p1='?' (DbType = DateTime2), @p2='?' (DbType = DateTime2), @p3='?' (Size = 255), @p4='?' (DbType = Int32)], CommandType='"Text"', CommandTimeout='30']
SET IMPLICIT_TRANSACTIONS OFF;
SET NOCOUNT ON;
INSERT INTO [RefreshTokens] ([CreatedAt], [ExpiresAt], [RevokedAt], [TokenHash], [UserId])
OUTPUT INSERTED.[TokenId]
VALUES (@p0, @p1, @p2, @p3, @p4);
2026-05-26 22:16:24.350 +05:30 [INF] Executing OkObjectResult, writing value of type 'FinanceManager.Application.DTOs.AuthTokensDto'.
2026-05-26 22:16:24.388 +05:30 [INF] Executed action FinanceManager.Api.Controllers.AuthController.Register (FinanceManager.Api) in 2361.2191ms
2026-05-26 22:16:24.397 +05:30 [INF] Executed endpoint 'FinanceManager.Api.Controllers.AuthController.Register (FinanceManager.Api)'
2026-05-26 22:16:24.406 +05:30 [INF] HTTP POST /api/auth/register responded 200 in 2450.8878 ms
2026-05-26 22:16:24.423 +05:30 [INF] Request finished HTTP/1.1 POST http://localhost:5280/api/auth/register - 200 null application/json; charset=utf-8 2482.4606ms
2026-05-26 22:40:17.151 +05:30 [INF] Request starting HTTP/1.1 POST http://localhost:5280/api/auth/register - application/json; charset=utf-8 null
2026-05-26 22:40:17.166 +05:30 [INF] Executing endpoint 'FinanceManager.Api.Controllers.AuthController.Register (FinanceManager.Api)'
2026-05-26 22:40:17.170 +05:30 [INF] Route matched with {action = "Register", controller = "Auth"}. Executing controller action with signature System.Threading.Tasks.Task`1[Microsoft.AspNetCore.Mvc.ActionResult`1[FinanceManager.Application.DTOs.AuthTokensDto]] Register(FinanceManager.Application.DTOs.LoginRequest) on controller FinanceManager.Api.Controllers.AuthController (FinanceManager.Api).
2026-05-26 22:40:17.386 +05:30 [INF] Executed DbCommand (34ms) [Parameters=[@__username_0='?' (Size = 100)], CommandType='"Text"', CommandTimeout='30']
SELECT TOP(1) [u].[UserId], [u].[CreatedAt], [u].[DeletedAt], [u].[IsDeleted], [u].[PasswordHash], [u].[Username]
FROM [Users] AS [u]
WHERE [u].[Username] = @__username_0 AND [u].[IsDeleted] = CAST(0 AS bit)
2026-05-26 22:40:17.931 +05:30 [INF] Executed DbCommand (83ms) [Parameters=[@p0='?' (DbType = DateTime2), @p1='?' (DbType = DateTime2), @p2='?' (Size = 255), @p3='?' (Size = 100)], CommandType='"Text"', CommandTimeout='30']
SET IMPLICIT_TRANSACTIONS OFF;
SET NOCOUNT ON;
INSERT INTO [Users] ([CreatedAt], [DeletedAt], [PasswordHash], [Username])
OUTPUT INSERTED.[UserId], INSERTED.[IsDeleted]
VALUES (@p0, @p1, @p2, @p3);
2026-05-26 22:40:17.961 +05:30 [INF] Executed DbCommand (18ms) [Parameters=[@p0='?' (Precision = 18) (Scale = 2) (DbType = Decimal), @p1='?' (DbType = DateTime2), @p2='?' (Size = 100), @p3='?' (Size = 4000), @p4='?' (DbType = Int32)], CommandType='"Text"', CommandTimeout='30']
SET IMPLICIT_TRANSACTIONS OFF;
SET NOCOUNT ON;
INSERT INTO [Categories] ([BudgetAmount], [DeletedAt], [Name], [Type], [UserId])
OUTPUT INSERTED.[CategoryId], INSERTED.[IsDeleted]
VALUES (@p0, @p1, @p2, @p3, @p4);
2026-05-26 22:40:17.982 +05:30 [INF] Executed DbCommand (8ms) [Parameters=[@p0='?' (Precision = 18) (Scale = 2) (DbType = Decimal), @p1='?' (DbType = DateTime2), @p2='?' (Size = 100), @p3='?' (Size = 4000), @p4='?' (DbType = Int32)], CommandType='"Text"', CommandTimeout='30']
SET IMPLICIT_TRANSACTIONS OFF;
SET NOCOUNT ON;
INSERT INTO [Categories] ([BudgetAmount], [DeletedAt], [Name], [Type], [UserId])
OUTPUT INSERTED.[CategoryId], INSERTED.[IsDeleted]
VALUES (@p0, @p1, @p2, @p3, @p4);
2026-05-26 22:40:17.998 +05:30 [INF] Executed DbCommand (7ms) [Parameters=[@p0='?' (Precision = 18) (Scale = 2) (DbType = Decimal), @p1='?' (DbType = DateTime2), @p2='?' (Size = 100), @p3='?' (Size = 4000), @p4='?' (DbType = Int32)], CommandType='"Text"', CommandTimeout='30']
SET IMPLICIT_TRANSACTIONS OFF;
SET NOCOUNT ON;
INSERT INTO [Categories] ([BudgetAmount], [DeletedAt], [Name], [Type], [UserId])
OUTPUT INSERTED.[CategoryId], INSERTED.[IsDeleted]
VALUES (@p0, @p1, @p2, @p3, @p4);
2026-05-26 22:40:18.014 +05:30 [INF] Executed DbCommand (8ms) [Parameters=[@p0='?' (Precision = 18) (Scale = 2) (DbType = Decimal), @p1='?' (DbType = DateTime2), @p2='?' (Size = 100), @p3='?' (Size = 4000), @p4='?' (DbType = Int32)], CommandType='"Text"', CommandTimeout='30']
SET IMPLICIT_TRANSACTIONS OFF;
SET NOCOUNT ON;
INSERT INTO [Categories] ([BudgetAmount], [DeletedAt], [Name], [Type], [UserId])
OUTPUT INSERTED.[CategoryId], INSERTED.[IsDeleted]
VALUES (@p0, @p1, @p2, @p3, @p4);
2026-05-26 22:40:18.032 +05:30 [INF] Executed DbCommand (7ms) [Parameters=[@p0='?' (Precision = 18) (Scale = 2) (DbType = Decimal), @p1='?' (DbType = DateTime2), @p2='?' (Size = 100), @p3='?' (Size = 4000), @p4='?' (DbType = Int32)], CommandType='"Text"', CommandTimeout='30']
SET IMPLICIT_TRANSACTIONS OFF;
SET NOCOUNT ON;
INSERT INTO [Categories] ([BudgetAmount], [DeletedAt], [Name], [Type], [UserId])
OUTPUT INSERTED.[CategoryId], INSERTED.[IsDeleted]
VALUES (@p0, @p1, @p2, @p3, @p4);
2026-05-26 22:40:18.050 +05:30 [INF] Executed DbCommand (8ms) [Parameters=[@p0='?' (Precision = 18) (Scale = 2) (DbType = Decimal), @p1='?' (DbType = DateTime2), @p2='?' (Size = 100), @p3='?' (Size = 4000), @p4='?' (DbType = Int32)], CommandType='"Text"', CommandTimeout='30']
SET IMPLICIT_TRANSACTIONS OFF;
SET NOCOUNT ON;
INSERT INTO [Categories] ([BudgetAmount], [DeletedAt], [Name], [Type], [UserId])
OUTPUT INSERTED.[CategoryId], INSERTED.[IsDeleted]
VALUES (@p0, @p1, @p2, @p3, @p4);
2026-05-26 22:40:18.094 +05:30 [INF] Executed DbCommand (29ms) [Parameters=[@p0='?' (DbType = DateTime2), @p1='?' (DbType = DateTime2), @p2='?' (DbType = DateTime2), @p3='?' (Size = 255), @p4='?' (DbType = Int32)], CommandType='"Text"', CommandTimeout='30']
SET IMPLICIT_TRANSACTIONS OFF;
SET NOCOUNT ON;
INSERT INTO [RefreshTokens] ([CreatedAt], [ExpiresAt], [RevokedAt], [TokenHash], [UserId])
OUTPUT INSERTED.[TokenId]
VALUES (@p0, @p1, @p2, @p3, @p4);
2026-05-26 22:40:18.111 +05:30 [INF] Executing OkObjectResult, writing value of type 'FinanceManager.Application.DTOs.AuthTokensDto'.
2026-05-26 22:40:18.124 +05:30 [INF] Executed action FinanceManager.Api.Controllers.AuthController.Register (FinanceManager.Api) in 948.3911ms
2026-05-26 22:40:18.131 +05:30 [INF] Executed endpoint 'FinanceManager.Api.Controllers.AuthController.Register (FinanceManager.Api)'
2026-05-26 22:40:18.136 +05:30 [INF] HTTP POST /api/auth/register responded 200 in 971.2819 ms
2026-05-26 22:40:18.142 +05:30 [INF] Request finished HTTP/1.1 POST http://localhost:5280/api/auth/register - 200 null application/json; charset=utf-8 990.8742ms
2026-05-26 22:40:28.705 +05:30 [INF] Request starting HTTP/1.1 GET http://localhost:5280/api/income - null null
2026-05-26 22:40:28.803 +05:30 [INF] Executing endpoint 'FinanceManager.Api.Controllers.IncomeController.GetAll (FinanceManager.Api)'
2026-05-26 22:40:28.811 +05:30 [INF] Route matched with {action = "GetAll", controller = "Income"}. Executing controller action with signature System.Threading.Tasks.Task`1[Microsoft.AspNetCore.Mvc.ActionResult`1[System.Collections.Generic.IReadOnlyList`1[FinanceManager.Application.DTOs.TransactionDto]]] GetAll() on controller FinanceManager.Api.Controllers.IncomeController (FinanceManager.Api).
2026-05-26 22:40:29.115 +05:30 [INF] Executed DbCommand (43ms) [Parameters=[@__userId_0='?' (DbType = Int32), @__type_1='?' (Size = 4000)], CommandType='"Text"', CommandTimeout='30']
SELECT [t].[TransactionId], [t].[Amount], [t].[CategoryId], [t].[DeletedAt], [t].[Description], [t].[IsDeleted], [t].[TransactionDate], [t].[Type], [t].[UserId], [c0].[CategoryId], [c0].[BudgetAmount], [c0].[DeletedAt], [c0].[IsDeleted], [c0].[Name], [c0].[Type], [c0].[UserId]
FROM [Transactions] AS [t]
INNER JOIN (
    SELECT [c].[CategoryId], [c].[BudgetAmount], [c].[DeletedAt], [c].[IsDeleted], [c].[Name], [c].[Type], [c].[UserId]
    FROM [Categories] AS [c]
    WHERE [c].[IsDeleted] = CAST(0 AS bit)
) AS [c0] ON [t].[CategoryId] = [c0].[CategoryId]
WHERE [t].[IsDeleted] = CAST(0 AS bit) AND [t].[UserId] = @__userId_0 AND [t].[Type] = @__type_1
ORDER BY [t].[TransactionDate] DESC
2026-05-26 22:40:29.138 +05:30 [INF] Executing OkObjectResult, writing value of type 'System.Collections.Generic.List`1[[FinanceManager.Application.DTOs.TransactionDto, FinanceManager.Api, Version=1.0.0.0, Culture=neutral, PublicKeyToken=null]]'.
2026-05-26 22:40:29.173 +05:30 [INF] Executed action FinanceManager.Api.Controllers.IncomeController.GetAll (FinanceManager.Api) in 348.0888ms
2026-05-26 22:40:29.182 +05:30 [INF] Executed endpoint 'FinanceManager.Api.Controllers.IncomeController.GetAll (FinanceManager.Api)'
2026-05-26 22:40:29.191 +05:30 [INF] HTTP GET /api/income responded 200 in 469.5558 ms
2026-05-26 22:40:29.205 +05:30 [INF] Request finished HTTP/1.1 GET http://localhost:5280/api/income - 200 null application/json; charset=utf-8 499.5839ms
2026-05-26 22:40:44.922 +05:30 [INF] Request starting HTTP/1.1 POST http://localhost:5280/api/income - application/json; charset=utf-8 null
2026-05-26 22:40:44.939 +05:30 [INF] Executing endpoint 'FinanceManager.Api.Controllers.IncomeController.Create (FinanceManager.Api)'
2026-05-26 22:40:44.951 +05:30 [INF] Route matched with {action = "Create", controller = "Income"}. Executing controller action with signature System.Threading.Tasks.Task`1[Microsoft.AspNetCore.Mvc.ActionResult`1[FinanceManager.Application.DTOs.TransactionDto]] Create(FinanceManager.Application.DTOs.CreateTransactionRequest) on controller FinanceManager.Api.Controllers.IncomeController (FinanceManager.Api).
2026-05-26 22:40:45.022 +05:30 [INF] Executed DbCommand (42ms) [Parameters=[@__categoryId_0='?' (DbType = Int32)], CommandType='"Text"', CommandTimeout='30']
SELECT TOP(1) [c].[CategoryId], [c].[BudgetAmount], [c].[DeletedAt], [c].[IsDeleted], [c].[Name], [c].[Type], [c].[UserId]
FROM [Categories] AS [c]
WHERE [c].[IsDeleted] = CAST(0 AS bit) AND [c].[CategoryId] = @__categoryId_0
2026-05-26 22:40:45.040 +05:30 [INF] Executing BadRequestObjectResult, writing value of type '<>f__AnonymousType1`1[[System.String, System.Private.CoreLib, Version=9.0.0.0, Culture=neutral, PublicKeyToken=7cec85d7bea7798e]]'.
2026-05-26 22:40:45.060 +05:30 [INF] Executed action FinanceManager.Api.Controllers.IncomeController.Create (FinanceManager.Api) in 99.3565ms
2026-05-26 22:40:45.070 +05:30 [INF] Executed endpoint 'FinanceManager.Api.Controllers.IncomeController.Create (FinanceManager.Api)'
2026-05-26 22:40:45.079 +05:30 [INF] HTTP POST /api/income responded 400 in 143.1666 ms
2026-05-26 22:40:45.093 +05:30 [INF] Request finished HTTP/1.1 POST http://localhost:5280/api/income - 400 null application/json; charset=utf-8 171.4588ms
2026-05-26 22:44:16.347 +05:30 [INF] Request starting HTTP/1.1 POST http://localhost:5280/api/income - application/json; charset=utf-8 null
2026-05-26 22:44:16.368 +05:30 [INF] Executing endpoint 'FinanceManager.Api.Controllers.IncomeController.Create (FinanceManager.Api)'
2026-05-26 22:44:16.377 +05:30 [INF] Route matched with {action = "Create", controller = "Income"}. Executing controller action with signature System.Threading.Tasks.Task`1[Microsoft.AspNetCore.Mvc.ActionResult`1[FinanceManager.Application.DTOs.TransactionDto]] Create(FinanceManager.Application.DTOs.CreateTransactionRequest) on controller FinanceManager.Api.Controllers.IncomeController (FinanceManager.Api).
2026-05-26 22:44:16.430 +05:30 [INF] Executed DbCommand (22ms) [Parameters=[@__categoryId_0='?' (DbType = Int32)], CommandType='"Text"', CommandTimeout='30']
SELECT TOP(1) [c].[CategoryId], [c].[BudgetAmount], [c].[DeletedAt], [c].[IsDeleted], [c].[Name], [c].[Type], [c].[UserId]
FROM [Categories] AS [c]
WHERE [c].[IsDeleted] = CAST(0 AS bit) AND [c].[CategoryId] = @__categoryId_0
2026-05-26 22:44:16.457 +05:30 [INF] Executing BadRequestObjectResult, writing value of type '<>f__AnonymousType1`1[[System.String, System.Private.CoreLib, Version=9.0.0.0, Culture=neutral, PublicKeyToken=7cec85d7bea7798e]]'.
2026-05-26 22:44:16.461 +05:30 [INF] Executed action FinanceManager.Api.Controllers.IncomeController.Create (FinanceManager.Api) in 69.933ms
2026-05-26 22:44:16.470 +05:30 [INF] Executed endpoint 'FinanceManager.Api.Controllers.IncomeController.Create (FinanceManager.Api)'
2026-05-26 22:44:16.475 +05:30 [INF] HTTP POST /api/income responded 400 in 114.2476 ms
2026-05-26 22:44:16.480 +05:30 [INF] Request finished HTTP/1.1 POST http://localhost:5280/api/income - 400 null application/json; charset=utf-8 132.923ms
2026-05-26 22:44:26.921 +05:30 [INF] Request starting HTTP/1.1 GET http://localhost:5280/api/income - null null
2026-05-26 22:44:26.942 +05:30 [INF] Executing endpoint 'FinanceManager.Api.Controllers.IncomeController.GetAll (FinanceManager.Api)'
2026-05-26 22:44:26.949 +05:30 [INF] Route matched with {action = "GetAll", controller = "Income"}. Executing controller action with signature System.Threading.Tasks.Task`1[Microsoft.AspNetCore.Mvc.ActionResult`1[System.Collections.Generic.IReadOnlyList`1[FinanceManager.Application.DTOs.TransactionDto]]] GetAll() on controller FinanceManager.Api.Controllers.IncomeController (FinanceManager.Api).
2026-05-26 22:44:26.988 +05:30 [INF] Executed DbCommand (23ms) [Parameters=[@__userId_0='?' (DbType = Int32), @__type_1='?' (Size = 4000)], CommandType='"Text"', CommandTimeout='30']
SELECT [t].[TransactionId], [t].[Amount], [t].[CategoryId], [t].[DeletedAt], [t].[Description], [t].[IsDeleted], [t].[TransactionDate], [t].[Type], [t].[UserId], [c0].[CategoryId], [c0].[BudgetAmount], [c0].[DeletedAt], [c0].[IsDeleted], [c0].[Name], [c0].[Type], [c0].[UserId]
FROM [Transactions] AS [t]
INNER JOIN (
    SELECT [c].[CategoryId], [c].[BudgetAmount], [c].[DeletedAt], [c].[IsDeleted], [c].[Name], [c].[Type], [c].[UserId]
    FROM [Categories] AS [c]
    WHERE [c].[IsDeleted] = CAST(0 AS bit)
) AS [c0] ON [t].[CategoryId] = [c0].[CategoryId]
WHERE [t].[IsDeleted] = CAST(0 AS bit) AND [t].[UserId] = @__userId_0 AND [t].[Type] = @__type_1
ORDER BY [t].[TransactionDate] DESC
2026-05-26 22:44:27.002 +05:30 [INF] Executing OkObjectResult, writing value of type 'System.Collections.Generic.List`1[[FinanceManager.Application.DTOs.TransactionDto, FinanceManager.Api, Version=1.0.0.0, Culture=neutral, PublicKeyToken=null]]'.
2026-05-26 22:44:27.011 +05:30 [INF] Executed action FinanceManager.Api.Controllers.IncomeController.GetAll (FinanceManager.Api) in 50.9088ms
2026-05-26 22:44:27.020 +05:30 [INF] Executed endpoint 'FinanceManager.Api.Controllers.IncomeController.GetAll (FinanceManager.Api)'
2026-05-26 22:44:27.027 +05:30 [INF] HTTP GET /api/income responded 200 in 86.6975 ms
2026-05-26 22:44:27.040 +05:30 [INF] Request finished HTTP/1.1 GET http://localhost:5280/api/income - 200 null application/json; charset=utf-8 119.0371ms
2026-05-26 22:45:18.603 +05:30 [INF] Request starting HTTP/1.1 POST http://localhost:5280/api/income - application/json; charset=utf-8 null
2026-05-26 22:45:18.622 +05:30 [INF] Executing endpoint 'FinanceManager.Api.Controllers.IncomeController.Create (FinanceManager.Api)'
2026-05-26 22:45:18.630 +05:30 [INF] Route matched with {action = "Create", controller = "Income"}. Executing controller action with signature System.Threading.Tasks.Task`1[Microsoft.AspNetCore.Mvc.ActionResult`1[FinanceManager.Application.DTOs.TransactionDto]] Create(FinanceManager.Application.DTOs.CreateTransactionRequest) on controller FinanceManager.Api.Controllers.IncomeController (FinanceManager.Api).
2026-05-26 22:45:18.675 +05:30 [INF] Executed DbCommand (25ms) [Parameters=[@__categoryId_0='?' (DbType = Int32)], CommandType='"Text"', CommandTimeout='30']
SELECT TOP(1) [c].[CategoryId], [c].[BudgetAmount], [c].[DeletedAt], [c].[IsDeleted], [c].[Name], [c].[Type], [c].[UserId]
FROM [Categories] AS [c]
WHERE [c].[IsDeleted] = CAST(0 AS bit) AND [c].[CategoryId] = @__categoryId_0
2026-05-26 22:45:18.693 +05:30 [INF] Executing BadRequestObjectResult, writing value of type '<>f__AnonymousType1`1[[System.String, System.Private.CoreLib, Version=9.0.0.0, Culture=neutral, PublicKeyToken=7cec85d7bea7798e]]'.
2026-05-26 22:45:18.704 +05:30 [INF] Executed action FinanceManager.Api.Controllers.IncomeController.Create (FinanceManager.Api) in 59.355ms
2026-05-26 22:45:18.714 +05:30 [INF] Executed endpoint 'FinanceManager.Api.Controllers.IncomeController.Create (FinanceManager.Api)'
2026-05-26 22:45:18.720 +05:30 [INF] HTTP POST /api/income responded 400 in 100.4954 ms
2026-05-26 22:45:18.725 +05:30 [INF] Request finished HTTP/1.1 POST http://localhost:5280/api/income - 400 null application/json; charset=utf-8 121.7433ms
